MPLINK 5.00, LINKER
Linker Map File - Created Tue Apr  8 01:03:35 2014

                                 Section Info
                  Section       Type    Address   Location Size(Bytes)
                ---------  ---------  ---------  ---------  ---------
                   .org_0       code   0x000000    program   0x000004
                   .cinit    romdata   0x000002    program   0x000004
                   .org_1       code   0x000004    program   0x000d9a
                    .code       code   0x0006d1    program   0x0001fc
.config_2007_BUILD/DEFAULT/PRODUCTION/MAIN.O       code   0x002007    program   0x000002
               .udata_shr      udata   0x000070       data   0x000005



                              Program Memory Usage 
                               Start         End      
                           ---------   ---------      
                            0x000000    0x0007ce      
                            0x002007    0x002007      
            2000 out of 8454 program addresses used, program memory utilization is 23%



                              Symbols - Sorted by Name
                     Name    Address   Location    Storage File                     
                ---------  ---------  ---------  --------- ---------                
                 ADD3HUNS   0x0001b5    program     static /Users/Judy/MPLABXProjects/Interface16.X/main.asm
                ADD3HUNS1   0x0001f2    program     static /Users/Judy/MPLABXProjects/Interface16.X/main.asm
                 ADD3ONES   0x0001bb    program     static /Users/Judy/MPLABXProjects/Interface16.X/main.asm
                ADD3ONES1   0x0001f8    program     static /Users/Judy/MPLABXProjects/Interface16.X/main.asm
                 ADD3TENS   0x0001b8    program     static /Users/Judy/MPLABXProjects/Interface16.X/main.asm
                ADD3TENS1   0x0001f5    program     static /Users/Judy/MPLABXProjects/Interface16.X/main.asm
                  BCDADD3   0x00018f    program     static /Users/Judy/MPLABXProjects/Interface16.X/main.asm
                 BCDADD31   0x0001cc    program     static /Users/Judy/MPLABXProjects/Interface16.X/main.asm
                CARRYONES   0x0001be    program     static /Users/Judy/MPLABXProjects/Interface16.X/main.asm
               CARRYONES1   0x0001fb    program     static /Users/Judy/MPLABXProjects/Interface16.X/main.asm
                CARRYTENS   0x0001c1    program     static /Users/Judy/MPLABXProjects/Interface16.X/main.asm
               CARRYTENS1   0x0001fe    program     static /Users/Judy/MPLABXProjects/Interface16.X/main.asm
            Check_Flicker   0x000246    program     static /Users/Judy/MPLABXProjects/Interface16.X/main.asm
            Clear_Display   0x0000d5    program     static /Users/Judy/MPLABXProjects/Interface16.X/main.asm
                  Convert   0x000187    program     static /Users/Judy/MPLABXProjects/Interface16.X/main.asm
                 Convert1   0x0001c4    program     static /Users/Judy/MPLABXProjects/Interface16.X/main.asm
          Display_results   0x00029c    program     static /Users/Judy/MPLABXProjects/Interface16.X/main.asm
                     Done   0x000082    program     static /Users/Judy/MPLABXProjects/Interface16.X/main.asm
                   EightS   0x0005f0    program     static /Users/Judy/MPLABXProjects/Interface16.X/main.asm
                    HalfS   0x0005d0    program     static /Users/Judy/MPLABXProjects/Interface16.X/main.asm
                      ISR   0x000610    program     static /Users/Judy/MPLABXProjects/Interface16.X/main.asm
                  InitLCD   0x000149    program     static /Users/Judy/MPLABXProjects/Interface16.X/main.asm
                 LLD_LOOP   0x000203    program     static /Users/Judy/MPLABXProjects/Interface16.X/main.asm
                     Main   0x000025    program     static /Users/Judy/MPLABXProjects/Interface16.X/main.asm
                     Menu   0x000058    program     static /Users/Judy/MPLABXProjects/Interface16.X/main.asm
                Motor_Off   0x00037e    program     static /Users/Judy/MPLABXProjects/Interface16.X/main.asm
                 Motor_On   0x000371    program     static /Users/Judy/MPLABXProjects/Interface16.X/main.asm
               Other_wise   0x000147    program     static /Users/Judy/MPLABXProjects/Interface16.X/main.asm
                     PMem   0x00009f    program     static /Users/Judy/MPLABXProjects/Interface16.X/main.asm
                    PMenu   0x0000ae    program     static /Users/Judy/MPLABXProjects/Interface16.X/main.asm
                   Paused   0x000050    program     static /Users/Judy/MPLABXProjects/Interface16.X/main.asm
                 QuarterS   0x0005e0    program     static /Users/Judy/MPLABXProjects/Interface16.X/main.asm
                   RD_END   0x000767    program     static /Users/Judy/MPLABXProjects/Interface16.X/i2c_common.asm
                   RD_ERR   0x000766    program     static /Users/Judy/MPLABXProjects/Interface16.X/i2c_common.asm
                      RTC   0x0000bc    program     static /Users/Judy/MPLABXProjects/Interface16.X/main.asm
                    R_END   0x0007c9    program     static /Users/Judy/MPLABXProjects/Interface16.X/i2c_common.asm
                  Refresh   0x00059e    program     static /Users/Judy/MPLABXProjects/Interface16.X/main.asm
                      Run   0x000071    program     static /Users/Judy/MPLABXProjects/Interface16.X/main.asm
                  Runtime   0x000094    program     static /Users/Judy/MPLABXProjects/Interface16.X/main.asm
                 SixteenS   0x000600    program     static /Users/Judy/MPLABXProjects/Interface16.X/main.asm
               Start_Test   0x000033    program     static /Users/Judy/MPLABXProjects/Interface16.X/main.asm
             Switch_Lines   0x0000d2    program     static /Users/Judy/MPLABXProjects/Interface16.X/main.asm
                     Test   0x00003d    program     static /Users/Judy/MPLABXProjects/Interface16.X/main.asm
                    Timer   0x000613    program     static /Users/Judy/MPLABXProjects/Interface16.X/main.asm
                    Trial   0x0000c3    program     static /Users/Judy/MPLABXProjects/Interface16.X/main.asm
                  WR_DATA   0x000176    program     static /Users/Judy/MPLABXProjects/Interface16.X/main.asm
                   WR_END   0x000718    program     static /Users/Judy/MPLABXProjects/Interface16.X/i2c_common.asm
                   WR_ERR   0x000717    program     static /Users/Judy/MPLABXProjects/Interface16.X/i2c_common.asm
                   WR_INS   0x000167    program     static /Users/Judy/MPLABXProjects/Interface16.X/main.asm
                    W_END   0x00079f    program     static /Users/Judy/MPLABXProjects/Interface16.X/i2c_common.asm
              Welcome_Msg   0x000046    program     static /Users/Judy/MPLABXProjects/Interface16.X/main.asm
              _.code_0010   0x0006e1    program     static /Users/Judy/MPLABXProjects/Interface16.X/i2c_common.asm
              _.code_0016   0x0006e7    program     static /Users/Judy/MPLABXProjects/Interface16.X/i2c_common.asm
              _.code_001E   0x0006ef    program     static /Users/Judy/MPLABXProjects/Interface16.X/i2c_common.asm
              _.code_002E   0x0006ff    program     static /Users/Judy/MPLABXProjects/Interface16.X/i2c_common.asm
              _.code_003E   0x00070f    program     static /Users/Judy/MPLABXProjects/Interface16.X/i2c_common.asm
              _.code_004B   0x00071c    program     static /Users/Judy/MPLABXProjects/Interface16.X/i2c_common.asm
              _.code_0051   0x000722    program     static /Users/Judy/MPLABXProjects/Interface16.X/i2c_common.asm
              _.code_0059   0x00072a    program     static /Users/Judy/MPLABXProjects/Interface16.X/i2c_common.asm
              _.code_0069   0x00073a    program     static /Users/Judy/MPLABXProjects/Interface16.X/i2c_common.asm
              _.code_0074   0x000745    program     static /Users/Judy/MPLABXProjects/Interface16.X/i2c_common.asm
              _.code_007C   0x00074d    program     static /Users/Judy/MPLABXProjects/Interface16.X/i2c_common.asm
              _.code_0087   0x000758    program     static /Users/Judy/MPLABXProjects/Interface16.X/i2c_common.asm
              _.code_0093   0x000764    program     static /Users/Judy/MPLABXProjects/Interface16.X/i2c_common.asm
              _.code_009A   0x00076b    program     static /Users/Judy/MPLABXProjects/Interface16.X/i2c_common.asm
              _.code_00AE   0x00077f    program     static /Users/Judy/MPLABXProjects/Interface16.X/i2c_common.asm
              _.code_00B6   0x000787    program     static /Users/Judy/MPLABXProjects/Interface16.X/i2c_common.asm
              _.code_00C6   0x000797    program     static /Users/Judy/MPLABXProjects/Interface16.X/i2c_common.asm
              _.code_00D2   0x0007a3    program     static /Users/Judy/MPLABXProjects/Interface16.X/i2c_common.asm
              _.code_00D8   0x0007a9    program     static /Users/Judy/MPLABXProjects/Interface16.X/i2c_common.asm
              _.code_00E0   0x0007b1    program     static /Users/Judy/MPLABXProjects/Interface16.X/i2c_common.asm
              _.code_00EB   0x0007bc    program     static /Users/Judy/MPLABXProjects/Interface16.X/i2c_common.asm
              _.code_00F7   0x0007c8    program     static /Users/Judy/MPLABXProjects/Interface16.X/i2c_common.asm
              _.code_00FC   0x0007cd    program     static /Users/Judy/MPLABXProjects/Interface16.X/i2c_common.asm
             _.org_1_0206   0x000206    program     static /Users/Judy/MPLABXProjects/Interface16.X/main.asm
             _.org_1_05D7   0x0005d7    program     static /Users/Judy/MPLABXProjects/Interface16.X/main.asm
             _.org_1_05D9   0x0005d9    program     static /Users/Judy/MPLABXProjects/Interface16.X/main.asm
             _.org_1_05DC   0x0005dc    program     static /Users/Judy/MPLABXProjects/Interface16.X/main.asm
             _.org_1_05E7   0x0005e7    program     static /Users/Judy/MPLABXProjects/Interface16.X/main.asm
             _.org_1_05E9   0x0005e9    program     static /Users/Judy/MPLABXProjects/Interface16.X/main.asm
             _.org_1_05EC   0x0005ec    program     static /Users/Judy/MPLABXProjects/Interface16.X/main.asm
             _.org_1_05F7   0x0005f7    program     static /Users/Judy/MPLABXProjects/Interface16.X/main.asm
             _.org_1_05F9   0x0005f9    program     static /Users/Judy/MPLABXProjects/Interface16.X/main.asm
             _.org_1_05FC   0x0005fc    program     static /Users/Judy/MPLABXProjects/Interface16.X/main.asm
             _.org_1_0607   0x000607    program     static /Users/Judy/MPLABXProjects/Interface16.X/main.asm
             _.org_1_0609   0x000609    program     static /Users/Judy/MPLABXProjects/Interface16.X/main.asm
             _.org_1_060C   0x00060c    program     static /Users/Judy/MPLABXProjects/Interface16.X/main.asm
             _.org_1_0634   0x000634    program     static /Users/Judy/MPLABXProjects/Interface16.X/main.asm
             _.org_1_063E   0x00063e    program     static /Users/Judy/MPLABXProjects/Interface16.X/main.asm
               _0EightS_0   0x0005f6    program     static /Users/Judy/MPLABXProjects/Interface16.X/main.asm
                _0HalfS_0   0x0005d6    program     static /Users/Judy/MPLABXProjects/Interface16.X/main.asm
             _0QuarterS_0   0x0005e6    program     static /Users/Judy/MPLABXProjects/Interface16.X/main.asm
             _0SixteenS_0   0x000606    program     static /Users/Judy/MPLABXProjects/Interface16.X/main.asm
                  _13end_   0x0002a8    program     static /Users/Judy/MPLABXProjects/Interface16.X/main.asm
                 _13loop_   0x0002a0    program     static /Users/Judy/MPLABXProjects/Interface16.X/main.asm
                  _18end_   0x0002cd    program     static /Users/Judy/MPLABXProjects/Interface16.X/main.asm
                 _18loop_   0x0002c5    program     static /Users/Judy/MPLABXProjects/Interface16.X/main.asm
                   _1end_   0x00002f    program     static /Users/Judy/MPLABXProjects/Interface16.X/main.asm
                  _1loop_   0x000027    program     static /Users/Judy/MPLABXProjects/Interface16.X/main.asm
                  _20end_   0x0003b4    program     static /Users/Judy/MPLABXProjects/Interface16.X/main.asm
                 _20loop_   0x0003ac    program     static /Users/Judy/MPLABXProjects/Interface16.X/main.asm
                  _22end_   0x0003d4    program     static /Users/Judy/MPLABXProjects/Interface16.X/main.asm
                 _22loop_   0x0003cc    program     static /Users/Judy/MPLABXProjects/Interface16.X/main.asm
                  _24end_   0x0003f4    program     static /Users/Judy/MPLABXProjects/Interface16.X/main.asm
                 _24loop_   0x0003ec    program     static /Users/Judy/MPLABXProjects/Interface16.X/main.asm
                  _26end_   0x000414    program     static /Users/Judy/MPLABXProjects/Interface16.X/main.asm
                 _26loop_   0x00040c    program     static /Users/Judy/MPLABXProjects/Interface16.X/main.asm
                  _28end_   0x000434    program     static /Users/Judy/MPLABXProjects/Interface16.X/main.asm
                 _28loop_   0x00042c    program     static /Users/Judy/MPLABXProjects/Interface16.X/main.asm
                   _2end_   0x00003d    program     static /Users/Judy/MPLABXProjects/Interface16.X/main.asm
                  _2loop_   0x000035    program     static /Users/Judy/MPLABXProjects/Interface16.X/main.asm
                  _30end_   0x000454    program     static /Users/Judy/MPLABXProjects/Interface16.X/main.asm
                 _30loop_   0x00044c    program     static /Users/Judy/MPLABXProjects/Interface16.X/main.asm
                  _32end_   0x000474    program     static /Users/Judy/MPLABXProjects/Interface16.X/main.asm
                 _32loop_   0x00046c    program     static /Users/Judy/MPLABXProjects/Interface16.X/main.asm
                  _34end_   0x000494    program     static /Users/Judy/MPLABXProjects/Interface16.X/main.asm
                 _34loop_   0x00048c    program     static /Users/Judy/MPLABXProjects/Interface16.X/main.asm
                  _36end_   0x0004b4    program     static /Users/Judy/MPLABXProjects/Interface16.X/main.asm
                 _36loop_   0x0004ac    program     static /Users/Judy/MPLABXProjects/Interface16.X/main.asm
                   _3end_   0x0000eb    program     static /Users/Judy/MPLABXProjects/Interface16.X/main.asm
                  _3loop_   0x0000e3    program     static /Users/Judy/MPLABXProjects/Interface16.X/main.asm
                   _4end_   0x0000fb    program     static /Users/Judy/MPLABXProjects/Interface16.X/main.asm
                  _4loop_   0x0000f3    program     static /Users/Judy/MPLABXProjects/Interface16.X/main.asm
                   _5end_   0x000106    program     static /Users/Judy/MPLABXProjects/Interface16.X/main.asm
                  _5loop_   0x0000fe    program     static /Users/Judy/MPLABXProjects/Interface16.X/main.asm
                   _6end_   0x000131    program     static /Users/Judy/MPLABXProjects/Interface16.X/main.asm
                  _6loop_   0x000129    program     static /Users/Judy/MPLABXProjects/Interface16.X/main.asm
                   _7end_   0x00013c    program     static /Users/Judy/MPLABXProjects/Interface16.X/main.asm
                  _7loop_   0x000134    program     static /Users/Judy/MPLABXProjects/Interface16.X/main.asm
                addsignal   0x00061a    program     static /Users/Judy/MPLABXProjects/Interface16.X/main.asm
                    check   0x0000dc    program     static /Users/Judy/MPLABXProjects/Interface16.X/main.asm
                  check_1   0x000399    program     static /Users/Judy/MPLABXProjects/Interface16.X/main.asm
                  check_2   0x0003b9    program     static /Users/Judy/MPLABXProjects/Interface16.X/main.asm
                  check_3   0x0003d9    program     static /Users/Judy/MPLABXProjects/Interface16.X/main.asm
                  check_4   0x0003f9    program     static /Users/Judy/MPLABXProjects/Interface16.X/main.asm
                  check_5   0x000419    program     static /Users/Judy/MPLABXProjects/Interface16.X/main.asm
                  check_6   0x000439    program     static /Users/Judy/MPLABXProjects/Interface16.X/main.asm
                  check_7   0x000459    program     static /Users/Judy/MPLABXProjects/Interface16.X/main.asm
                  check_8   0x000479    program     static /Users/Judy/MPLABXProjects/Interface16.X/main.asm
                  check_9   0x000499    program     static /Users/Judy/MPLABXProjects/Interface16.X/main.asm
                  check_A   0x0000dd    program     static /Users/Judy/MPLABXProjects/Interface16.X/main.asm
                  check_B   0x000122    program     static /Users/Judy/MPLABXProjects/Interface16.X/main.asm
                  check_C   0x00013f    program     static /Users/Judy/MPLABXProjects/Interface16.X/main.asm
                 continue   0x0004b9    program     static /Users/Judy/MPLABXProjects/Interface16.X/main.asm
               count_down   0x00020a    program     static /Users/Judy/MPLABXProjects/Interface16.X/main.asm
               count_loop   0x000218    program     static /Users/Judy/MPLABXProjects/Interface16.X/main.asm
                  display   0x00035a    program     static /Users/Judy/MPLABXProjects/Interface16.X/main.asm
               display_EE   0x0004bb    program     static /Users/Judy/MPLABXProjects/Interface16.X/main.asm
              display_num   0x000637    program     static /Users/Judy/MPLABXProjects/Interface16.X/main.asm
              end_display   0x00036f    program     static /Users/Judy/MPLABXProjects/Interface16.X/main.asm
                   finish   0x00061f    program     static /Users/Judy/MPLABXProjects/Interface16.X/main.asm
              flickertime   0x00025b    program     static /Users/Judy/MPLABXProjects/Interface16.X/main.asm
               goodcandle   0x00028e    program     static /Users/Judy/MPLABXProjects/Interface16.X/main.asm
            help_shift_EE   0x00054a    program     static /Users/Judy/MPLABXProjects/Interface16.X/main.asm
         i2c_common_setup   0x0006d1    program     extern /Users/Judy/MPLABXProjects/Interface16.X/i2c_common.asm
                     init   0x000005    program     static /Users/Judy/MPLABXProjects/Interface16.X/main.asm
             lcdLongDelay   0x000201    program     static /Users/Judy/MPLABXProjects/Interface16.X/main.asm
               lighteight   0x00033b    program     static /Users/Judy/MPLABXProjects/Interface16.X/main.asm
                lightfive   0x00030e    program     static /Users/Judy/MPLABXProjects/Interface16.X/main.asm
                lightfour   0x0002ff    program     static /Users/Judy/MPLABXProjects/Interface16.X/main.asm
                lightnine   0x00034a    program     static /Users/Judy/MPLABXProjects/Interface16.X/main.asm
                 lightone   0x0002d3    program     static /Users/Judy/MPLABXProjects/Interface16.X/main.asm
               lightseven   0x00032c    program     static /Users/Judy/MPLABXProjects/Interface16.X/main.asm
                 lightsix   0x00031d    program     static /Users/Judy/MPLABXProjects/Interface16.X/main.asm
               lightthree   0x0002f0    program     static /Users/Judy/MPLABXProjects/Interface16.X/main.asm
                 lighttwo   0x0002e1    program     static /Users/Judy/MPLABXProjects/Interface16.X/main.asm
                     next   0x000359    program     static /Users/Judy/MPLABXProjects/Interface16.X/main.asm
                next_line   0x0006cc    program     static /Users/Judy/MPLABXProjects/Interface16.X/main.asm
                    notff   0x00036d    program     static /Users/Judy/MPLABXProjects/Interface16.X/main.asm
           notflickerfail   0x000279    program     static /Users/Judy/MPLABXProjects/Interface16.X/main.asm
                    notlf   0x000366    program     static /Users/Judy/MPLABXProjects/Interface16.X/main.asm
                  notnone   0x00035f    program     static /Users/Judy/MPLABXProjects/Interface16.X/main.asm
                 p2p_read   0x0007a5    program     extern /Users/Judy/MPLABXProjects/Interface16.X/i2c_common.asm
                p2p_write   0x00077b    program     extern /Users/Judy/MPLABXProjects/Interface16.X/i2c_common.asm
                  pc_init   0x000624    program     static /Users/Judy/MPLABXProjects/Interface16.X/main.asm
                   pc_log   0x000642    program     static /Users/Judy/MPLABXProjects/Interface16.X/main.asm
             pmenu_access   0x000391    program     static /Users/Judy/MPLABXProjects/Interface16.X/main.asm
                  read_EE   0x00050d    program     static /Users/Judy/MPLABXProjects/Interface16.X/main.asm
                 read_rtc   0x00071e    program     extern /Users/Judy/MPLABXProjects/Interface16.X/i2c_common.asm
           results_access   0x0002c1    program     static /Users/Judy/MPLABXProjects/Interface16.X/main.asm
              rtc_convert   0x00076d    program     extern /Users/Judy/MPLABXProjects/Interface16.X/i2c_common.asm
                 shift_EE   0x000521    program     static /Users/Judy/MPLABXProjects/Interface16.X/main.asm
                 show_RTC   0x00056b    program     static /Users/Judy/MPLABXProjects/Interface16.X/main.asm
                     wait   0x0000d8    program     static /Users/Judy/MPLABXProjects/Interface16.X/main.asm
                 write_EE   0x0004db    program     static /Users/Judy/MPLABXProjects/Interface16.X/main.asm
                write_EES   0x0004f7    program     static /Users/Judy/MPLABXProjects/Interface16.X/main.asm
                write_rtc   0x0006e3    program     extern /Users/Judy/MPLABXProjects/Interface16.X/i2c_common.asm
                 wrt_char   0x000630    program     static /Users/Judy/MPLABXProjects/Interface16.X/main.asm
                      com   0x000073       data     static /Users/Judy/MPLABXProjects/Interface16.X/LCD.asm
                      dat   0x000074       data     static /Users/Judy/MPLABXProjects/Interface16.X/LCD.asm
                   lcd_d1   0x000071       data     static /Users/Judy/MPLABXProjects/Interface16.X/LCD.asm
                   lcd_d2   0x000072       data     static /Users/Judy/MPLABXProjects/Interface16.X/LCD.asm
                  lcd_tmp   0x000070       data     static /Users/Judy/MPLABXProjects/Interface16.X/LCD.asm



                              Symbols - Sorted by Address
                     Name    Address   Location    Storage File                     
                ---------  ---------  ---------  --------- ---------                
                     init   0x000005    program     static /Users/Judy/MPLABXProjects/Interface16.X/main.asm
                     Main   0x000025    program     static /Users/Judy/MPLABXProjects/Interface16.X/main.asm
                  _1loop_   0x000027    program     static /Users/Judy/MPLABXProjects/Interface16.X/main.asm
                   _1end_   0x00002f    program     static /Users/Judy/MPLABXProjects/Interface16.X/main.asm
               Start_Test   0x000033    program     static /Users/Judy/MPLABXProjects/Interface16.X/main.asm
                  _2loop_   0x000035    program     static /Users/Judy/MPLABXProjects/Interface16.X/main.asm
                     Test   0x00003d    program     static /Users/Judy/MPLABXProjects/Interface16.X/main.asm
                   _2end_   0x00003d    program     static /Users/Judy/MPLABXProjects/Interface16.X/main.asm
              Welcome_Msg   0x000046    program     static /Users/Judy/MPLABXProjects/Interface16.X/main.asm
                   Paused   0x000050    program     static /Users/Judy/MPLABXProjects/Interface16.X/main.asm
                     Menu   0x000058    program     static /Users/Judy/MPLABXProjects/Interface16.X/main.asm
                      Run   0x000071    program     static /Users/Judy/MPLABXProjects/Interface16.X/main.asm
                     Done   0x000082    program     static /Users/Judy/MPLABXProjects/Interface16.X/main.asm
                  Runtime   0x000094    program     static /Users/Judy/MPLABXProjects/Interface16.X/main.asm
                     PMem   0x00009f    program     static /Users/Judy/MPLABXProjects/Interface16.X/main.asm
                    PMenu   0x0000ae    program     static /Users/Judy/MPLABXProjects/Interface16.X/main.asm
                      RTC   0x0000bc    program     static /Users/Judy/MPLABXProjects/Interface16.X/main.asm
                    Trial   0x0000c3    program     static /Users/Judy/MPLABXProjects/Interface16.X/main.asm
             Switch_Lines   0x0000d2    program     static /Users/Judy/MPLABXProjects/Interface16.X/main.asm
            Clear_Display   0x0000d5    program     static /Users/Judy/MPLABXProjects/Interface16.X/main.asm
                     wait   0x0000d8    program     static /Users/Judy/MPLABXProjects/Interface16.X/main.asm
                    check   0x0000dc    program     static /Users/Judy/MPLABXProjects/Interface16.X/main.asm
                  check_A   0x0000dd    program     static /Users/Judy/MPLABXProjects/Interface16.X/main.asm
                  _3loop_   0x0000e3    program     static /Users/Judy/MPLABXProjects/Interface16.X/main.asm
                   _3end_   0x0000eb    program     static /Users/Judy/MPLABXProjects/Interface16.X/main.asm
                  _4loop_   0x0000f3    program     static /Users/Judy/MPLABXProjects/Interface16.X/main.asm
                   _4end_   0x0000fb    program     static /Users/Judy/MPLABXProjects/Interface16.X/main.asm
                  _5loop_   0x0000fe    program     static /Users/Judy/MPLABXProjects/Interface16.X/main.asm
                   _5end_   0x000106    program     static /Users/Judy/MPLABXProjects/Interface16.X/main.asm
                  check_B   0x000122    program     static /Users/Judy/MPLABXProjects/Interface16.X/main.asm
                  _6loop_   0x000129    program     static /Users/Judy/MPLABXProjects/Interface16.X/main.asm
                   _6end_   0x000131    program     static /Users/Judy/MPLABXProjects/Interface16.X/main.asm
                  _7loop_   0x000134    program     static /Users/Judy/MPLABXProjects/Interface16.X/main.asm
                   _7end_   0x00013c    program     static /Users/Judy/MPLABXProjects/Interface16.X/main.asm
                  check_C   0x00013f    program     static /Users/Judy/MPLABXProjects/Interface16.X/main.asm
               Other_wise   0x000147    program     static /Users/Judy/MPLABXProjects/Interface16.X/main.asm
                  InitLCD   0x000149    program     static /Users/Judy/MPLABXProjects/Interface16.X/main.asm
                   WR_INS   0x000167    program     static /Users/Judy/MPLABXProjects/Interface16.X/main.asm
                  WR_DATA   0x000176    program     static /Users/Judy/MPLABXProjects/Interface16.X/main.asm
                  Convert   0x000187    program     static /Users/Judy/MPLABXProjects/Interface16.X/main.asm
                  BCDADD3   0x00018f    program     static /Users/Judy/MPLABXProjects/Interface16.X/main.asm
                 ADD3HUNS   0x0001b5    program     static /Users/Judy/MPLABXProjects/Interface16.X/main.asm
                 ADD3TENS   0x0001b8    program     static /Users/Judy/MPLABXProjects/Interface16.X/main.asm
                 ADD3ONES   0x0001bb    program     static /Users/Judy/MPLABXProjects/Interface16.X/main.asm
                CARRYONES   0x0001be    program     static /Users/Judy/MPLABXProjects/Interface16.X/main.asm
                CARRYTENS   0x0001c1    program     static /Users/Judy/MPLABXProjects/Interface16.X/main.asm
                 Convert1   0x0001c4    program     static /Users/Judy/MPLABXProjects/Interface16.X/main.asm
                 BCDADD31   0x0001cc    program     static /Users/Judy/MPLABXProjects/Interface16.X/main.asm
                ADD3HUNS1   0x0001f2    program     static /Users/Judy/MPLABXProjects/Interface16.X/main.asm
                ADD3TENS1   0x0001f5    program     static /Users/Judy/MPLABXProjects/Interface16.X/main.asm
                ADD3ONES1   0x0001f8    program     static /Users/Judy/MPLABXProjects/Interface16.X/main.asm
               CARRYONES1   0x0001fb    program     static /Users/Judy/MPLABXProjects/Interface16.X/main.asm
               CARRYTENS1   0x0001fe    program     static /Users/Judy/MPLABXProjects/Interface16.X/main.asm
             lcdLongDelay   0x000201    program     static /Users/Judy/MPLABXProjects/Interface16.X/main.asm
                 LLD_LOOP   0x000203    program     static /Users/Judy/MPLABXProjects/Interface16.X/main.asm
             _.org_1_0206   0x000206    program     static /Users/Judy/MPLABXProjects/Interface16.X/main.asm
               count_down   0x00020a    program     static /Users/Judy/MPLABXProjects/Interface16.X/main.asm
               count_loop   0x000218    program     static /Users/Judy/MPLABXProjects/Interface16.X/main.asm
            Check_Flicker   0x000246    program     static /Users/Judy/MPLABXProjects/Interface16.X/main.asm
              flickertime   0x00025b    program     static /Users/Judy/MPLABXProjects/Interface16.X/main.asm
           notflickerfail   0x000279    program     static /Users/Judy/MPLABXProjects/Interface16.X/main.asm
               goodcandle   0x00028e    program     static /Users/Judy/MPLABXProjects/Interface16.X/main.asm
          Display_results   0x00029c    program     static /Users/Judy/MPLABXProjects/Interface16.X/main.asm
                 _13loop_   0x0002a0    program     static /Users/Judy/MPLABXProjects/Interface16.X/main.asm
                  _13end_   0x0002a8    program     static /Users/Judy/MPLABXProjects/Interface16.X/main.asm
           results_access   0x0002c1    program     static /Users/Judy/MPLABXProjects/Interface16.X/main.asm
                 _18loop_   0x0002c5    program     static /Users/Judy/MPLABXProjects/Interface16.X/main.asm
                  _18end_   0x0002cd    program     static /Users/Judy/MPLABXProjects/Interface16.X/main.asm
                 lightone   0x0002d3    program     static /Users/Judy/MPLABXProjects/Interface16.X/main.asm
                 lighttwo   0x0002e1    program     static /Users/Judy/MPLABXProjects/Interface16.X/main.asm
               lightthree   0x0002f0    program     static /Users/Judy/MPLABXProjects/Interface16.X/main.asm
                lightfour   0x0002ff    program     static /Users/Judy/MPLABXProjects/Interface16.X/main.asm
                lightfive   0x00030e    program     static /Users/Judy/MPLABXProjects/Interface16.X/main.asm
                 lightsix   0x00031d    program     static /Users/Judy/MPLABXProjects/Interface16.X/main.asm
               lightseven   0x00032c    program     static /Users/Judy/MPLABXProjects/Interface16.X/main.asm
               lighteight   0x00033b    program     static /Users/Judy/MPLABXProjects/Interface16.X/main.asm
                lightnine   0x00034a    program     static /Users/Judy/MPLABXProjects/Interface16.X/main.asm
                     next   0x000359    program     static /Users/Judy/MPLABXProjects/Interface16.X/main.asm
                  display   0x00035a    program     static /Users/Judy/MPLABXProjects/Interface16.X/main.asm
                  notnone   0x00035f    program     static /Users/Judy/MPLABXProjects/Interface16.X/main.asm
                    notlf   0x000366    program     static /Users/Judy/MPLABXProjects/Interface16.X/main.asm
                    notff   0x00036d    program     static /Users/Judy/MPLABXProjects/Interface16.X/main.asm
              end_display   0x00036f    program     static /Users/Judy/MPLABXProjects/Interface16.X/main.asm
                 Motor_On   0x000371    program     static /Users/Judy/MPLABXProjects/Interface16.X/main.asm
                Motor_Off   0x00037e    program     static /Users/Judy/MPLABXProjects/Interface16.X/main.asm
             pmenu_access   0x000391    program     static /Users/Judy/MPLABXProjects/Interface16.X/main.asm
                  check_1   0x000399    program     static /Users/Judy/MPLABXProjects/Interface16.X/main.asm
                 _20loop_   0x0003ac    program     static /Users/Judy/MPLABXProjects/Interface16.X/main.asm
                  _20end_   0x0003b4    program     static /Users/Judy/MPLABXProjects/Interface16.X/main.asm
                  check_2   0x0003b9    program     static /Users/Judy/MPLABXProjects/Interface16.X/main.asm
                 _22loop_   0x0003cc    program     static /Users/Judy/MPLABXProjects/Interface16.X/main.asm
                  _22end_   0x0003d4    program     static /Users/Judy/MPLABXProjects/Interface16.X/main.asm
                  check_3   0x0003d9    program     static /Users/Judy/MPLABXProjects/Interface16.X/main.asm
                 _24loop_   0x0003ec    program     static /Users/Judy/MPLABXProjects/Interface16.X/main.asm
                  _24end_   0x0003f4    program     static /Users/Judy/MPLABXProjects/Interface16.X/main.asm
                  check_4   0x0003f9    program     static /Users/Judy/MPLABXProjects/Interface16.X/main.asm
                 _26loop_   0x00040c    program     static /Users/Judy/MPLABXProjects/Interface16.X/main.asm
                  _26end_   0x000414    program     static /Users/Judy/MPLABXProjects/Interface16.X/main.asm
                  check_5   0x000419    program     static /Users/Judy/MPLABXProjects/Interface16.X/main.asm
                 _28loop_   0x00042c    program     static /Users/Judy/MPLABXProjects/Interface16.X/main.asm
                  _28end_   0x000434    program     static /Users/Judy/MPLABXProjects/Interface16.X/main.asm
                  check_6   0x000439    program     static /Users/Judy/MPLABXProjects/Interface16.X/main.asm
                 _30loop_   0x00044c    program     static /Users/Judy/MPLABXProjects/Interface16.X/main.asm
                  _30end_   0x000454    program     static /Users/Judy/MPLABXProjects/Interface16.X/main.asm
                  check_7   0x000459    program     static /Users/Judy/MPLABXProjects/Interface16.X/main.asm
                 _32loop_   0x00046c    program     static /Users/Judy/MPLABXProjects/Interface16.X/main.asm
                  _32end_   0x000474    program     static /Users/Judy/MPLABXProjects/Interface16.X/main.asm
                  check_8   0x000479    program     static /Users/Judy/MPLABXProjects/Interface16.X/main.asm
                 _34loop_   0x00048c    program     static /Users/Judy/MPLABXProjects/Interface16.X/main.asm
                  _34end_   0x000494    program     static /Users/Judy/MPLABXProjects/Interface16.X/main.asm
                  check_9   0x000499    program     static /Users/Judy/MPLABXProjects/Interface16.X/main.asm
                 _36loop_   0x0004ac    program     static /Users/Judy/MPLABXProjects/Interface16.X/main.asm
                  _36end_   0x0004b4    program     static /Users/Judy/MPLABXProjects/Interface16.X/main.asm
                 continue   0x0004b9    program     static /Users/Judy/MPLABXProjects/Interface16.X/main.asm
               display_EE   0x0004bb    program     static /Users/Judy/MPLABXProjects/Interface16.X/main.asm
                 write_EE   0x0004db    program     static /Users/Judy/MPLABXProjects/Interface16.X/main.asm
                write_EES   0x0004f7    program     static /Users/Judy/MPLABXProjects/Interface16.X/main.asm
                  read_EE   0x00050d    program     static /Users/Judy/MPLABXProjects/Interface16.X/main.asm
                 shift_EE   0x000521    program     static /Users/Judy/MPLABXProjects/Interface16.X/main.asm
            help_shift_EE   0x00054a    program     static /Users/Judy/MPLABXProjects/Interface16.X/main.asm
                 show_RTC   0x00056b    program     static /Users/Judy/MPLABXProjects/Interface16.X/main.asm
                  Refresh   0x00059e    program     static /Users/Judy/MPLABXProjects/Interface16.X/main.asm
                    HalfS   0x0005d0    program     static /Users/Judy/MPLABXProjects/Interface16.X/main.asm
                _0HalfS_0   0x0005d6    program     static /Users/Judy/MPLABXProjects/Interface16.X/main.asm
             _.org_1_05D7   0x0005d7    program     static /Users/Judy/MPLABXProjects/Interface16.X/main.asm
             _.org_1_05D9   0x0005d9    program     static /Users/Judy/MPLABXProjects/Interface16.X/main.asm
             _.org_1_05DC   0x0005dc    program     static /Users/Judy/MPLABXProjects/Interface16.X/main.asm
                 QuarterS   0x0005e0    program     static /Users/Judy/MPLABXProjects/Interface16.X/main.asm
             _0QuarterS_0   0x0005e6    program     static /Users/Judy/MPLABXProjects/Interface16.X/main.asm
             _.org_1_05E7   0x0005e7    program     static /Users/Judy/MPLABXProjects/Interface16.X/main.asm
             _.org_1_05E9   0x0005e9    program     static /Users/Judy/MPLABXProjects/Interface16.X/main.asm
             _.org_1_05EC   0x0005ec    program     static /Users/Judy/MPLABXProjects/Interface16.X/main.asm
                   EightS   0x0005f0    program     static /Users/Judy/MPLABXProjects/Interface16.X/main.asm
               _0EightS_0   0x0005f6    program     static /Users/Judy/MPLABXProjects/Interface16.X/main.asm
             _.org_1_05F7   0x0005f7    program     static /Users/Judy/MPLABXProjects/Interface16.X/main.asm
             _.org_1_05F9   0x0005f9    program     static /Users/Judy/MPLABXProjects/Interface16.X/main.asm
             _.org_1_05FC   0x0005fc    program     static /Users/Judy/MPLABXProjects/Interface16.X/main.asm
                 SixteenS   0x000600    program     static /Users/Judy/MPLABXProjects/Interface16.X/main.asm
             _0SixteenS_0   0x000606    program     static /Users/Judy/MPLABXProjects/Interface16.X/main.asm
             _.org_1_0607   0x000607    program     static /Users/Judy/MPLABXProjects/Interface16.X/main.asm
             _.org_1_0609   0x000609    program     static /Users/Judy/MPLABXProjects/Interface16.X/main.asm
             _.org_1_060C   0x00060c    program     static /Users/Judy/MPLABXProjects/Interface16.X/main.asm
                      ISR   0x000610    program     static /Users/Judy/MPLABXProjects/Interface16.X/main.asm
                    Timer   0x000613    program     static /Users/Judy/MPLABXProjects/Interface16.X/main.asm
                addsignal   0x00061a    program     static /Users/Judy/MPLABXProjects/Interface16.X/main.asm
                   finish   0x00061f    program     static /Users/Judy/MPLABXProjects/Interface16.X/main.asm
                  pc_init   0x000624    program     static /Users/Judy/MPLABXProjects/Interface16.X/main.asm
                 wrt_char   0x000630    program     static /Users/Judy/MPLABXProjects/Interface16.X/main.asm
             _.org_1_0634   0x000634    program     static /Users/Judy/MPLABXProjects/Interface16.X/main.asm
              display_num   0x000637    program     static /Users/Judy/MPLABXProjects/Interface16.X/main.asm
             _.org_1_063E   0x00063e    program     static /Users/Judy/MPLABXProjects/Interface16.X/main.asm
                   pc_log   0x000642    program     static /Users/Judy/MPLABXProjects/Interface16.X/main.asm
                next_line   0x0006cc    program     static /Users/Judy/MPLABXProjects/Interface16.X/main.asm
         i2c_common_setup   0x0006d1    program     extern /Users/Judy/MPLABXProjects/Interface16.X/i2c_common.asm
              _.code_0010   0x0006e1    program     static /Users/Judy/MPLABXProjects/Interface16.X/i2c_common.asm
                write_rtc   0x0006e3    program     extern /Users/Judy/MPLABXProjects/Interface16.X/i2c_common.asm
              _.code_0016   0x0006e7    program     static /Users/Judy/MPLABXProjects/Interface16.X/i2c_common.asm
              _.code_001E   0x0006ef    program     static /Users/Judy/MPLABXProjects/Interface16.X/i2c_common.asm
              _.code_002E   0x0006ff    program     static /Users/Judy/MPLABXProjects/Interface16.X/i2c_common.asm
              _.code_003E   0x00070f    program     static /Users/Judy/MPLABXProjects/Interface16.X/i2c_common.asm
                   WR_ERR   0x000717    program     static /Users/Judy/MPLABXProjects/Interface16.X/i2c_common.asm
                   WR_END   0x000718    program     static /Users/Judy/MPLABXProjects/Interface16.X/i2c_common.asm
              _.code_004B   0x00071c    program     static /Users/Judy/MPLABXProjects/Interface16.X/i2c_common.asm
                 read_rtc   0x00071e    program     extern /Users/Judy/MPLABXProjects/Interface16.X/i2c_common.asm
              _.code_0051   0x000722    program     static /Users/Judy/MPLABXProjects/Interface16.X/i2c_common.asm
              _.code_0059   0x00072a    program     static /Users/Judy/MPLABXProjects/Interface16.X/i2c_common.asm
              _.code_0069   0x00073a    program     static /Users/Judy/MPLABXProjects/Interface16.X/i2c_common.asm
              _.code_0074   0x000745    program     static /Users/Judy/MPLABXProjects/Interface16.X/i2c_common.asm
              _.code_007C   0x00074d    program     static /Users/Judy/MPLABXProjects/Interface16.X/i2c_common.asm
              _.code_0087   0x000758    program     static /Users/Judy/MPLABXProjects/Interface16.X/i2c_common.asm
              _.code_0093   0x000764    program     static /Users/Judy/MPLABXProjects/Interface16.X/i2c_common.asm
                   RD_ERR   0x000766    program     static /Users/Judy/MPLABXProjects/Interface16.X/i2c_common.asm
                   RD_END   0x000767    program     static /Users/Judy/MPLABXProjects/Interface16.X/i2c_common.asm
              _.code_009A   0x00076b    program     static /Users/Judy/MPLABXProjects/Interface16.X/i2c_common.asm
              rtc_convert   0x00076d    program     extern /Users/Judy/MPLABXProjects/Interface16.X/i2c_common.asm
                p2p_write   0x00077b    program     extern /Users/Judy/MPLABXProjects/Interface16.X/i2c_common.asm
              _.code_00AE   0x00077f    program     static /Users/Judy/MPLABXProjects/Interface16.X/i2c_common.asm
              _.code_00B6   0x000787    program     static /Users/Judy/MPLABXProjects/Interface16.X/i2c_common.asm
              _.code_00C6   0x000797    program     static /Users/Judy/MPLABXProjects/Interface16.X/i2c_common.asm
                    W_END   0x00079f    program     static /Users/Judy/MPLABXProjects/Interface16.X/i2c_common.asm
              _.code_00D2   0x0007a3    program     static /Users/Judy/MPLABXProjects/Interface16.X/i2c_common.asm
                 p2p_read   0x0007a5    program     extern /Users/Judy/MPLABXProjects/Interface16.X/i2c_common.asm
              _.code_00D8   0x0007a9    program     static /Users/Judy/MPLABXProjects/Interface16.X/i2c_common.asm
              _.code_00E0   0x0007b1    program     static /Users/Judy/MPLABXProjects/Interface16.X/i2c_common.asm
              _.code_00EB   0x0007bc    program     static /Users/Judy/MPLABXProjects/Interface16.X/i2c_common.asm
              _.code_00F7   0x0007c8    program     static /Users/Judy/MPLABXProjects/Interface16.X/i2c_common.asm
                    R_END   0x0007c9    program     static /Users/Judy/MPLABXProjects/Interface16.X/i2c_common.asm
              _.code_00FC   0x0007cd    program     static /Users/Judy/MPLABXProjects/Interface16.X/i2c_common.asm
                  lcd_tmp   0x000070       data     static /Users/Judy/MPLABXProjects/Interface16.X/LCD.asm
                   lcd_d1   0x000071       data     static /Users/Judy/MPLABXProjects/Interface16.X/LCD.asm
                   lcd_d2   0x000072       data     static /Users/Judy/MPLABXProjects/Interface16.X/LCD.asm
                      com   0x000073       data     static /Users/Judy/MPLABXProjects/Interface16.X/LCD.asm
                      dat   0x000074       data     static /Users/Judy/MPLABXProjects/Interface16.X/LCD.asm


