MPLINK 5.00, LINKER
Linker Map File - Created Wed Mar 26 02:25:47 2014

                                 Section Info
                  Section       Type    Address   Location Size(Bytes)
                ---------  ---------  ---------  ---------  ---------
                   .org_0       code   0x000000    program   0x000004
                   .cinit    romdata   0x000002    program   0x000004
                   .org_1       code   0x000004    program   0x000d56
                    .code       code   0x0006af    program   0x0001fc
.config_2007_BUILD/DEFAULT/PRODUCTION/MAIN.O       code   0x002007    program   0x000002
               .udata_shr      udata   0x000070       data   0x000005



                              Program Memory Usage 
                               Start         End      
                           ---------   ---------      
                            0x000000    0x0007ac      
                            0x002007    0x002007      
            1966 out of 8454 program addresses used, program memory utilization is 23%



                              Symbols - Sorted by Name
                     Name    Address   Location    Storage File                     
                ---------  ---------  ---------  --------- ---------                
                 ADD3HUNS   0x00052f    program     static /Users/Judy/MPLABXProjects/Interface16.X/main.asm
                ADD3HUNS1   0x00056c    program     static /Users/Judy/MPLABXProjects/Interface16.X/main.asm
                 ADD3ONES   0x000535    program     static /Users/Judy/MPLABXProjects/Interface16.X/main.asm
                ADD3ONES1   0x000572    program     static /Users/Judy/MPLABXProjects/Interface16.X/main.asm
                 ADD3TENS   0x000532    program     static /Users/Judy/MPLABXProjects/Interface16.X/main.asm
                ADD3TENS1   0x00056f    program     static /Users/Judy/MPLABXProjects/Interface16.X/main.asm
                  BCDADD3   0x000509    program     static /Users/Judy/MPLABXProjects/Interface16.X/main.asm
                 BCDADD31   0x000546    program     static /Users/Judy/MPLABXProjects/Interface16.X/main.asm
                CARRYONES   0x000538    program     static /Users/Judy/MPLABXProjects/Interface16.X/main.asm
               CARRYONES1   0x000575    program     static /Users/Judy/MPLABXProjects/Interface16.X/main.asm
                CARRYTENS   0x00053b    program     static /Users/Judy/MPLABXProjects/Interface16.X/main.asm
               CARRYTENS1   0x000578    program     static /Users/Judy/MPLABXProjects/Interface16.X/main.asm
            Check_Flicker   0x0001ca    program     static /Users/Judy/MPLABXProjects/Interface16.X/main.asm
            Clear_Display   0x0000f6    program     static /Users/Judy/MPLABXProjects/Interface16.X/main.asm
                  Convert   0x000501    program     static /Users/Judy/MPLABXProjects/Interface16.X/main.asm
                 Convert1   0x00053e    program     static /Users/Judy/MPLABXProjects/Interface16.X/main.asm
          Display_results   0x0001f2    program     static /Users/Judy/MPLABXProjects/Interface16.X/main.asm
                     Done   0x000097    program     static /Users/Judy/MPLABXProjects/Interface16.X/main.asm
                   EightS   0x0004d1    program     static /Users/Judy/MPLABXProjects/Interface16.X/main.asm
                    HalfS   0x0004b1    program     static /Users/Judy/MPLABXProjects/Interface16.X/main.asm
                      ISR   0x000584    program     static /Users/Judy/MPLABXProjects/Interface16.X/main.asm
                  InitLCD   0x0000f9    program     static /Users/Judy/MPLABXProjects/Interface16.X/main.asm
                 LLD_LOOP   0x00057d    program     static /Users/Judy/MPLABXProjects/Interface16.X/main.asm
                     Main   0x000023    program     static /Users/Judy/MPLABXProjects/Interface16.X/main.asm
                     Menu   0x000056    program     static /Users/Judy/MPLABXProjects/Interface16.X/main.asm
                Motor_Off   0x00049a    program     static /Users/Judy/MPLABXProjects/Interface16.X/main.asm
                 Motor_On   0x00047f    program     static /Users/Judy/MPLABXProjects/Interface16.X/main.asm
               Other_wise   0x000182    program     static /Users/Judy/MPLABXProjects/Interface16.X/main.asm
                     PMem   0x0000b4    program     static /Users/Judy/MPLABXProjects/Interface16.X/main.asm
                    PMenu   0x0000c3    program     static /Users/Judy/MPLABXProjects/Interface16.X/main.asm
                   Paused   0x00004e    program     static /Users/Judy/MPLABXProjects/Interface16.X/main.asm
                 QuarterS   0x0004c1    program     static /Users/Judy/MPLABXProjects/Interface16.X/main.asm
                   RD_END   0x000745    program     static /Users/Judy/MPLABXProjects/Interface16.X/i2c_common.asm
                   RD_ERR   0x000744    program     static /Users/Judy/MPLABXProjects/Interface16.X/i2c_common.asm
                      RTC   0x0000d1    program     static /Users/Judy/MPLABXProjects/Interface16.X/main.asm
                    R_END   0x0007a7    program     static /Users/Judy/MPLABXProjects/Interface16.X/i2c_common.asm
                  Refresh   0x00044d    program     static /Users/Judy/MPLABXProjects/Interface16.X/main.asm
                      Run   0x00006f    program     static /Users/Judy/MPLABXProjects/Interface16.X/main.asm
                  Runtime   0x0000a9    program     static /Users/Judy/MPLABXProjects/Interface16.X/main.asm
                   SW_OFF   0x00008b    program     static /Users/Judy/MPLABXProjects/Interface16.X/main.asm
                    SW_ON   0x000080    program     static /Users/Judy/MPLABXProjects/Interface16.X/main.asm
               Start_Test   0x000031    program     static /Users/Judy/MPLABXProjects/Interface16.X/main.asm
             Switch_Lines   0x0000f3    program     static /Users/Judy/MPLABXProjects/Interface16.X/main.asm
                     Test   0x00003b    program     static /Users/Judy/MPLABXProjects/Interface16.X/main.asm
                    Timer   0x000587    program     static /Users/Judy/MPLABXProjects/Interface16.X/main.asm
                    Trial   0x0000e4    program     static /Users/Judy/MPLABXProjects/Interface16.X/main.asm
                  WR_DATA   0x0004f0    program     static /Users/Judy/MPLABXProjects/Interface16.X/main.asm
                   WR_END   0x0006f6    program     static /Users/Judy/MPLABXProjects/Interface16.X/i2c_common.asm
                   WR_ERR   0x0006f5    program     static /Users/Judy/MPLABXProjects/Interface16.X/i2c_common.asm
                   WR_INS   0x0004e1    program     static /Users/Judy/MPLABXProjects/Interface16.X/main.asm
                    W_END   0x00077d    program     static /Users/Judy/MPLABXProjects/Interface16.X/i2c_common.asm
              Welcome_Msg   0x000044    program     static /Users/Judy/MPLABXProjects/Interface16.X/main.asm
                  Writing   0x0000d8    program     static /Users/Judy/MPLABXProjects/Interface16.X/main.asm
              _.code_0010   0x0006bf    program     static /Users/Judy/MPLABXProjects/Interface16.X/i2c_common.asm
              _.code_0016   0x0006c5    program     static /Users/Judy/MPLABXProjects/Interface16.X/i2c_common.asm
              _.code_001E   0x0006cd    program     static /Users/Judy/MPLABXProjects/Interface16.X/i2c_common.asm
              _.code_002E   0x0006dd    program     static /Users/Judy/MPLABXProjects/Interface16.X/i2c_common.asm
              _.code_003E   0x0006ed    program     static /Users/Judy/MPLABXProjects/Interface16.X/i2c_common.asm
              _.code_004B   0x0006fa    program     static /Users/Judy/MPLABXProjects/Interface16.X/i2c_common.asm
              _.code_0051   0x000700    program     static /Users/Judy/MPLABXProjects/Interface16.X/i2c_common.asm
              _.code_0059   0x000708    program     static /Users/Judy/MPLABXProjects/Interface16.X/i2c_common.asm
              _.code_0069   0x000718    program     static /Users/Judy/MPLABXProjects/Interface16.X/i2c_common.asm
              _.code_0074   0x000723    program     static /Users/Judy/MPLABXProjects/Interface16.X/i2c_common.asm
              _.code_007C   0x00072b    program     static /Users/Judy/MPLABXProjects/Interface16.X/i2c_common.asm
              _.code_0087   0x000736    program     static /Users/Judy/MPLABXProjects/Interface16.X/i2c_common.asm
              _.code_0093   0x000742    program     static /Users/Judy/MPLABXProjects/Interface16.X/i2c_common.asm
              _.code_009A   0x000749    program     static /Users/Judy/MPLABXProjects/Interface16.X/i2c_common.asm
              _.code_00AE   0x00075d    program     static /Users/Judy/MPLABXProjects/Interface16.X/i2c_common.asm
              _.code_00B6   0x000765    program     static /Users/Judy/MPLABXProjects/Interface16.X/i2c_common.asm
              _.code_00C6   0x000775    program     static /Users/Judy/MPLABXProjects/Interface16.X/i2c_common.asm
              _.code_00D2   0x000781    program     static /Users/Judy/MPLABXProjects/Interface16.X/i2c_common.asm
              _.code_00D8   0x000787    program     static /Users/Judy/MPLABXProjects/Interface16.X/i2c_common.asm
              _.code_00E0   0x00078f    program     static /Users/Judy/MPLABXProjects/Interface16.X/i2c_common.asm
              _.code_00EB   0x00079a    program     static /Users/Judy/MPLABXProjects/Interface16.X/i2c_common.asm
              _.code_00F7   0x0007a6    program     static /Users/Judy/MPLABXProjects/Interface16.X/i2c_common.asm
              _.code_00FC   0x0007ab    program     static /Users/Judy/MPLABXProjects/Interface16.X/i2c_common.asm
             _.org_1_04B8   0x0004b8    program     static /Users/Judy/MPLABXProjects/Interface16.X/main.asm
             _.org_1_04BA   0x0004ba    program     static /Users/Judy/MPLABXProjects/Interface16.X/main.asm
             _.org_1_04BD   0x0004bd    program     static /Users/Judy/MPLABXProjects/Interface16.X/main.asm
             _.org_1_04C8   0x0004c8    program     static /Users/Judy/MPLABXProjects/Interface16.X/main.asm
             _.org_1_04CA   0x0004ca    program     static /Users/Judy/MPLABXProjects/Interface16.X/main.asm
             _.org_1_04CD   0x0004cd    program     static /Users/Judy/MPLABXProjects/Interface16.X/main.asm
             _.org_1_04D8   0x0004d8    program     static /Users/Judy/MPLABXProjects/Interface16.X/main.asm
             _.org_1_04DA   0x0004da    program     static /Users/Judy/MPLABXProjects/Interface16.X/main.asm
             _.org_1_04DD   0x0004dd    program     static /Users/Judy/MPLABXProjects/Interface16.X/main.asm
             _.org_1_0580   0x000580    program     static /Users/Judy/MPLABXProjects/Interface16.X/main.asm
               _0EightS_0   0x0004d7    program     static /Users/Judy/MPLABXProjects/Interface16.X/main.asm
                _0HalfS_0   0x0004b7    program     static /Users/Judy/MPLABXProjects/Interface16.X/main.asm
             _0QuarterS_0   0x0004c7    program     static /Users/Judy/MPLABXProjects/Interface16.X/main.asm
                  _10end_   0x000203    program     static /Users/Judy/MPLABXProjects/Interface16.X/main.asm
                 _10loop_   0x0001fb    program     static /Users/Judy/MPLABXProjects/Interface16.X/main.asm
                  _15end_   0x000228    program     static /Users/Judy/MPLABXProjects/Interface16.X/main.asm
                 _15loop_   0x000220    program     static /Users/Judy/MPLABXProjects/Interface16.X/main.asm
                  _17end_   0x0002ef    program     static /Users/Judy/MPLABXProjects/Interface16.X/main.asm
                 _17loop_   0x0002e7    program     static /Users/Judy/MPLABXProjects/Interface16.X/main.asm
                   _1end_   0x00002d    program     static /Users/Judy/MPLABXProjects/Interface16.X/main.asm
                  _1loop_   0x000025    program     static /Users/Judy/MPLABXProjects/Interface16.X/main.asm
                  _23end_   0x00032f    program     static /Users/Judy/MPLABXProjects/Interface16.X/main.asm
                 _23loop_   0x000327    program     static /Users/Judy/MPLABXProjects/Interface16.X/main.asm
                  _25end_   0x00034f    program     static /Users/Judy/MPLABXProjects/Interface16.X/main.asm
                 _25loop_   0x000347    program     static /Users/Judy/MPLABXProjects/Interface16.X/main.asm
                  _27end_   0x00036f    program     static /Users/Judy/MPLABXProjects/Interface16.X/main.asm
                 _27loop_   0x000367    program     static /Users/Judy/MPLABXProjects/Interface16.X/main.asm
                  _29end_   0x00038f    program     static /Users/Judy/MPLABXProjects/Interface16.X/main.asm
                 _29loop_   0x000387    program     static /Users/Judy/MPLABXProjects/Interface16.X/main.asm
                   _2end_   0x00003b    program     static /Users/Judy/MPLABXProjects/Interface16.X/main.asm
                  _2loop_   0x000033    program     static /Users/Judy/MPLABXProjects/Interface16.X/main.asm
                  _31end_   0x0003af    program     static /Users/Judy/MPLABXProjects/Interface16.X/main.asm
                 _31loop_   0x0003a7    program     static /Users/Judy/MPLABXProjects/Interface16.X/main.asm
                  _33end_   0x0003cf    program     static /Users/Judy/MPLABXProjects/Interface16.X/main.asm
                 _33loop_   0x0003c7    program     static /Users/Judy/MPLABXProjects/Interface16.X/main.asm
                  _35end_   0x0003ef    program     static /Users/Judy/MPLABXProjects/Interface16.X/main.asm
                 _35loop_   0x0003e7    program     static /Users/Judy/MPLABXProjects/Interface16.X/main.asm
                  _37end_   0x00040f    program     static /Users/Judy/MPLABXProjects/Interface16.X/main.asm
                 _37loop_   0x000407    program     static /Users/Judy/MPLABXProjects/Interface16.X/main.asm
                   _3end_   0x000126    program     static /Users/Judy/MPLABXProjects/Interface16.X/main.asm
                  _3loop_   0x00011e    program     static /Users/Judy/MPLABXProjects/Interface16.X/main.asm
                  _44end_   0x000489    program     static /Users/Judy/MPLABXProjects/Interface16.X/main.asm
                 _44loop_   0x000481    program     static /Users/Judy/MPLABXProjects/Interface16.X/main.asm
                  _45end_   0x0004a4    program     static /Users/Judy/MPLABXProjects/Interface16.X/main.asm
                 _45loop_   0x00049c    program     static /Users/Judy/MPLABXProjects/Interface16.X/main.asm
                   _4end_   0x000138    program     static /Users/Judy/MPLABXProjects/Interface16.X/main.asm
                  _4loop_   0x000130    program     static /Users/Judy/MPLABXProjects/Interface16.X/main.asm
                   _5end_   0x000143    program     static /Users/Judy/MPLABXProjects/Interface16.X/main.asm
                  _5loop_   0x00013b    program     static /Users/Judy/MPLABXProjects/Interface16.X/main.asm
                   _6end_   0x00016c    program     static /Users/Judy/MPLABXProjects/Interface16.X/main.asm
                  _6loop_   0x000164    program     static /Users/Judy/MPLABXProjects/Interface16.X/main.asm
                   _7end_   0x000177    program     static /Users/Judy/MPLABXProjects/Interface16.X/main.asm
                  _7loop_   0x00016f    program     static /Users/Judy/MPLABXProjects/Interface16.X/main.asm
                   _8end_   0x00019c    program     static /Users/Judy/MPLABXProjects/Interface16.X/main.asm
                  _8loop_   0x000194    program     static /Users/Judy/MPLABXProjects/Interface16.X/main.asm
                addsignal   0x00058e    program     static /Users/Judy/MPLABXProjects/Interface16.X/main.asm
                    check   0x000117    program     static /Users/Judy/MPLABXProjects/Interface16.X/main.asm
                  check_1   0x0002d4    program     static /Users/Judy/MPLABXProjects/Interface16.X/main.asm
                  check_2   0x000314    program     static /Users/Judy/MPLABXProjects/Interface16.X/main.asm
                  check_3   0x000334    program     static /Users/Judy/MPLABXProjects/Interface16.X/main.asm
                  check_4   0x000354    program     static /Users/Judy/MPLABXProjects/Interface16.X/main.asm
                  check_5   0x000374    program     static /Users/Judy/MPLABXProjects/Interface16.X/main.asm
                  check_6   0x000394    program     static /Users/Judy/MPLABXProjects/Interface16.X/main.asm
                  check_7   0x0003b4    program     static /Users/Judy/MPLABXProjects/Interface16.X/main.asm
                  check_8   0x0003d4    program     static /Users/Judy/MPLABXProjects/Interface16.X/main.asm
                  check_9   0x0003f4    program     static /Users/Judy/MPLABXProjects/Interface16.X/main.asm
                  check_A   0x000118    program     static /Users/Judy/MPLABXProjects/Interface16.X/main.asm
                  check_B   0x00015d    program     static /Users/Judy/MPLABXProjects/Interface16.X/main.asm
                  check_C   0x00017a    program     static /Users/Judy/MPLABXProjects/Interface16.X/main.asm
                 continue   0x000414    program     static /Users/Judy/MPLABXProjects/Interface16.X/main.asm
               count_down   0x000184    program     static /Users/Judy/MPLABXProjects/Interface16.X/main.asm
               count_loop   0x00019c    program     static /Users/Judy/MPLABXProjects/Interface16.X/main.asm
                  display   0x0002b5    program     static /Users/Judy/MPLABXProjects/Interface16.X/main.asm
               display_EE   0x0002f4    program     static /Users/Judy/MPLABXProjects/Interface16.X/main.asm
              end_display   0x0002ca    program     static /Users/Judy/MPLABXProjects/Interface16.X/main.asm
                   finish   0x000593    program     static /Users/Judy/MPLABXProjects/Interface16.X/main.asm
              flickertime   0x0001d5    program     static /Users/Judy/MPLABXProjects/Interface16.X/main.asm
               goodcandle   0x0001ef    program     static /Users/Judy/MPLABXProjects/Interface16.X/main.asm
         i2c_common_setup   0x0006af    program     extern /Users/Judy/MPLABXProjects/Interface16.X/i2c_common.asm
                     init   0x000005    program     static /Users/Judy/MPLABXProjects/Interface16.X/main.asm
             lcdLongDelay   0x00057b    program     static /Users/Judy/MPLABXProjects/Interface16.X/main.asm
               lighteight   0x000296    program     static /Users/Judy/MPLABXProjects/Interface16.X/main.asm
                lightfive   0x000269    program     static /Users/Judy/MPLABXProjects/Interface16.X/main.asm
                lightfour   0x00025a    program     static /Users/Judy/MPLABXProjects/Interface16.X/main.asm
                lightnine   0x0002a5    program     static /Users/Judy/MPLABXProjects/Interface16.X/main.asm
                 lightone   0x00022e    program     static /Users/Judy/MPLABXProjects/Interface16.X/main.asm
               lightseven   0x000287    program     static /Users/Judy/MPLABXProjects/Interface16.X/main.asm
                 lightsix   0x000278    program     static /Users/Judy/MPLABXProjects/Interface16.X/main.asm
               lightthree   0x00024b    program     static /Users/Judy/MPLABXProjects/Interface16.X/main.asm
                 lighttwo   0x00023c    program     static /Users/Judy/MPLABXProjects/Interface16.X/main.asm
                     next   0x0002b4    program     static /Users/Judy/MPLABXProjects/Interface16.X/main.asm
                    notff   0x0002c8    program     static /Users/Judy/MPLABXProjects/Interface16.X/main.asm
           notflickerfail   0x0001e7    program     static /Users/Judy/MPLABXProjects/Interface16.X/main.asm
                    notlf   0x0002c1    program     static /Users/Judy/MPLABXProjects/Interface16.X/main.asm
                  notnone   0x0002ba    program     static /Users/Judy/MPLABXProjects/Interface16.X/main.asm
                 p2p_read   0x000783    program     extern /Users/Judy/MPLABXProjects/Interface16.X/i2c_common.asm
                p2p_write   0x000759    program     extern /Users/Judy/MPLABXProjects/Interface16.X/i2c_common.asm
             pmenu_access   0x0002cc    program     static /Users/Judy/MPLABXProjects/Interface16.X/main.asm
                  read_EE   0x0005ca    program     static /Users/Judy/MPLABXProjects/Interface16.X/main.asm
                 read_rtc   0x0006fc    program     extern /Users/Judy/MPLABXProjects/Interface16.X/i2c_common.asm
           results_access   0x00021c    program     static /Users/Judy/MPLABXProjects/Interface16.X/main.asm
              rtc_convert   0x00074b    program     extern /Users/Judy/MPLABXProjects/Interface16.X/i2c_common.asm
                 shift_EE   0x0005de    program     static /Users/Judy/MPLABXProjects/Interface16.X/main.asm
                 show_RTC   0x00041a    program     static /Users/Judy/MPLABXProjects/Interface16.X/main.asm
                     wait   0x000416    program     static /Users/Judy/MPLABXProjects/Interface16.X/main.asm
                 write_EE   0x000598    program     static /Users/Judy/MPLABXProjects/Interface16.X/main.asm
                write_EES   0x0005b4    program     static /Users/Judy/MPLABXProjects/Interface16.X/main.asm
                write_rtc   0x0006c1    program     extern /Users/Judy/MPLABXProjects/Interface16.X/i2c_common.asm
                      com   0x000073       data     static /Users/Judy/MPLABXProjects/Interface16.X/LCD.asm
                      dat   0x000074       data     static /Users/Judy/MPLABXProjects/Interface16.X/LCD.asm
                   lcd_d1   0x000071       data     static /Users/Judy/MPLABXProjects/Interface16.X/LCD.asm
                   lcd_d2   0x000072       data     static /Users/Judy/MPLABXProjects/Interface16.X/LCD.asm
                  lcd_tmp   0x000070       data     static /Users/Judy/MPLABXProjects/Interface16.X/LCD.asm



                              Symbols - Sorted by Address
                     Name    Address   Location    Storage File                     
                ---------  ---------  ---------  --------- ---------                
                     init   0x000005    program     static /Users/Judy/MPLABXProjects/Interface16.X/main.asm
                     Main   0x000023    program     static /Users/Judy/MPLABXProjects/Interface16.X/main.asm
                  _1loop_   0x000025    program     static /Users/Judy/MPLABXProjects/Interface16.X/main.asm
                   _1end_   0x00002d    program     static /Users/Judy/MPLABXProjects/Interface16.X/main.asm
               Start_Test   0x000031    program     static /Users/Judy/MPLABXProjects/Interface16.X/main.asm
                  _2loop_   0x000033    program     static /Users/Judy/MPLABXProjects/Interface16.X/main.asm
                     Test   0x00003b    program     static /Users/Judy/MPLABXProjects/Interface16.X/main.asm
                   _2end_   0x00003b    program     static /Users/Judy/MPLABXProjects/Interface16.X/main.asm
              Welcome_Msg   0x000044    program     static /Users/Judy/MPLABXProjects/Interface16.X/main.asm
                   Paused   0x00004e    program     static /Users/Judy/MPLABXProjects/Interface16.X/main.asm
                     Menu   0x000056    program     static /Users/Judy/MPLABXProjects/Interface16.X/main.asm
                      Run   0x00006f    program     static /Users/Judy/MPLABXProjects/Interface16.X/main.asm
                    SW_ON   0x000080    program     static /Users/Judy/MPLABXProjects/Interface16.X/main.asm
                   SW_OFF   0x00008b    program     static /Users/Judy/MPLABXProjects/Interface16.X/main.asm
                     Done   0x000097    program     static /Users/Judy/MPLABXProjects/Interface16.X/main.asm
                  Runtime   0x0000a9    program     static /Users/Judy/MPLABXProjects/Interface16.X/main.asm
                     PMem   0x0000b4    program     static /Users/Judy/MPLABXProjects/Interface16.X/main.asm
                    PMenu   0x0000c3    program     static /Users/Judy/MPLABXProjects/Interface16.X/main.asm
                      RTC   0x0000d1    program     static /Users/Judy/MPLABXProjects/Interface16.X/main.asm
                  Writing   0x0000d8    program     static /Users/Judy/MPLABXProjects/Interface16.X/main.asm
                    Trial   0x0000e4    program     static /Users/Judy/MPLABXProjects/Interface16.X/main.asm
             Switch_Lines   0x0000f3    program     static /Users/Judy/MPLABXProjects/Interface16.X/main.asm
            Clear_Display   0x0000f6    program     static /Users/Judy/MPLABXProjects/Interface16.X/main.asm
                  InitLCD   0x0000f9    program     static /Users/Judy/MPLABXProjects/Interface16.X/main.asm
                    check   0x000117    program     static /Users/Judy/MPLABXProjects/Interface16.X/main.asm
                  check_A   0x000118    program     static /Users/Judy/MPLABXProjects/Interface16.X/main.asm
                  _3loop_   0x00011e    program     static /Users/Judy/MPLABXProjects/Interface16.X/main.asm
                   _3end_   0x000126    program     static /Users/Judy/MPLABXProjects/Interface16.X/main.asm
                  _4loop_   0x000130    program     static /Users/Judy/MPLABXProjects/Interface16.X/main.asm
                   _4end_   0x000138    program     static /Users/Judy/MPLABXProjects/Interface16.X/main.asm
                  _5loop_   0x00013b    program     static /Users/Judy/MPLABXProjects/Interface16.X/main.asm
                   _5end_   0x000143    program     static /Users/Judy/MPLABXProjects/Interface16.X/main.asm
                  check_B   0x00015d    program     static /Users/Judy/MPLABXProjects/Interface16.X/main.asm
                  _6loop_   0x000164    program     static /Users/Judy/MPLABXProjects/Interface16.X/main.asm
                   _6end_   0x00016c    program     static /Users/Judy/MPLABXProjects/Interface16.X/main.asm
                  _7loop_   0x00016f    program     static /Users/Judy/MPLABXProjects/Interface16.X/main.asm
                   _7end_   0x000177    program     static /Users/Judy/MPLABXProjects/Interface16.X/main.asm
                  check_C   0x00017a    program     static /Users/Judy/MPLABXProjects/Interface16.X/main.asm
               Other_wise   0x000182    program     static /Users/Judy/MPLABXProjects/Interface16.X/main.asm
               count_down   0x000184    program     static /Users/Judy/MPLABXProjects/Interface16.X/main.asm
                  _8loop_   0x000194    program     static /Users/Judy/MPLABXProjects/Interface16.X/main.asm
               count_loop   0x00019c    program     static /Users/Judy/MPLABXProjects/Interface16.X/main.asm
                   _8end_   0x00019c    program     static /Users/Judy/MPLABXProjects/Interface16.X/main.asm
            Check_Flicker   0x0001ca    program     static /Users/Judy/MPLABXProjects/Interface16.X/main.asm
              flickertime   0x0001d5    program     static /Users/Judy/MPLABXProjects/Interface16.X/main.asm
           notflickerfail   0x0001e7    program     static /Users/Judy/MPLABXProjects/Interface16.X/main.asm
               goodcandle   0x0001ef    program     static /Users/Judy/MPLABXProjects/Interface16.X/main.asm
          Display_results   0x0001f2    program     static /Users/Judy/MPLABXProjects/Interface16.X/main.asm
                 _10loop_   0x0001fb    program     static /Users/Judy/MPLABXProjects/Interface16.X/main.asm
                  _10end_   0x000203    program     static /Users/Judy/MPLABXProjects/Interface16.X/main.asm
           results_access   0x00021c    program     static /Users/Judy/MPLABXProjects/Interface16.X/main.asm
                 _15loop_   0x000220    program     static /Users/Judy/MPLABXProjects/Interface16.X/main.asm
                  _15end_   0x000228    program     static /Users/Judy/MPLABXProjects/Interface16.X/main.asm
                 lightone   0x00022e    program     static /Users/Judy/MPLABXProjects/Interface16.X/main.asm
                 lighttwo   0x00023c    program     static /Users/Judy/MPLABXProjects/Interface16.X/main.asm
               lightthree   0x00024b    program     static /Users/Judy/MPLABXProjects/Interface16.X/main.asm
                lightfour   0x00025a    program     static /Users/Judy/MPLABXProjects/Interface16.X/main.asm
                lightfive   0x000269    program     static /Users/Judy/MPLABXProjects/Interface16.X/main.asm
                 lightsix   0x000278    program     static /Users/Judy/MPLABXProjects/Interface16.X/main.asm
               lightseven   0x000287    program     static /Users/Judy/MPLABXProjects/Interface16.X/main.asm
               lighteight   0x000296    program     static /Users/Judy/MPLABXProjects/Interface16.X/main.asm
                lightnine   0x0002a5    program     static /Users/Judy/MPLABXProjects/Interface16.X/main.asm
                     next   0x0002b4    program     static /Users/Judy/MPLABXProjects/Interface16.X/main.asm
                  display   0x0002b5    program     static /Users/Judy/MPLABXProjects/Interface16.X/main.asm
                  notnone   0x0002ba    program     static /Users/Judy/MPLABXProjects/Interface16.X/main.asm
                    notlf   0x0002c1    program     static /Users/Judy/MPLABXProjects/Interface16.X/main.asm
                    notff   0x0002c8    program     static /Users/Judy/MPLABXProjects/Interface16.X/main.asm
              end_display   0x0002ca    program     static /Users/Judy/MPLABXProjects/Interface16.X/main.asm
             pmenu_access   0x0002cc    program     static /Users/Judy/MPLABXProjects/Interface16.X/main.asm
                  check_1   0x0002d4    program     static /Users/Judy/MPLABXProjects/Interface16.X/main.asm
                 _17loop_   0x0002e7    program     static /Users/Judy/MPLABXProjects/Interface16.X/main.asm
                  _17end_   0x0002ef    program     static /Users/Judy/MPLABXProjects/Interface16.X/main.asm
               display_EE   0x0002f4    program     static /Users/Judy/MPLABXProjects/Interface16.X/main.asm
                  check_2   0x000314    program     static /Users/Judy/MPLABXProjects/Interface16.X/main.asm
                 _23loop_   0x000327    program     static /Users/Judy/MPLABXProjects/Interface16.X/main.asm
                  _23end_   0x00032f    program     static /Users/Judy/MPLABXProjects/Interface16.X/main.asm
                  check_3   0x000334    program     static /Users/Judy/MPLABXProjects/Interface16.X/main.asm
                 _25loop_   0x000347    program     static /Users/Judy/MPLABXProjects/Interface16.X/main.asm
                  _25end_   0x00034f    program     static /Users/Judy/MPLABXProjects/Interface16.X/main.asm
                  check_4   0x000354    program     static /Users/Judy/MPLABXProjects/Interface16.X/main.asm
                 _27loop_   0x000367    program     static /Users/Judy/MPLABXProjects/Interface16.X/main.asm
                  _27end_   0x00036f    program     static /Users/Judy/MPLABXProjects/Interface16.X/main.asm
                  check_5   0x000374    program     static /Users/Judy/MPLABXProjects/Interface16.X/main.asm
                 _29loop_   0x000387    program     static /Users/Judy/MPLABXProjects/Interface16.X/main.asm
                  _29end_   0x00038f    program     static /Users/Judy/MPLABXProjects/Interface16.X/main.asm
                  check_6   0x000394    program     static /Users/Judy/MPLABXProjects/Interface16.X/main.asm
                 _31loop_   0x0003a7    program     static /Users/Judy/MPLABXProjects/Interface16.X/main.asm
                  _31end_   0x0003af    program     static /Users/Judy/MPLABXProjects/Interface16.X/main.asm
                  check_7   0x0003b4    program     static /Users/Judy/MPLABXProjects/Interface16.X/main.asm
                 _33loop_   0x0003c7    program     static /Users/Judy/MPLABXProjects/Interface16.X/main.asm
                  _33end_   0x0003cf    program     static /Users/Judy/MPLABXProjects/Interface16.X/main.asm
                  check_8   0x0003d4    program     static /Users/Judy/MPLABXProjects/Interface16.X/main.asm
                 _35loop_   0x0003e7    program     static /Users/Judy/MPLABXProjects/Interface16.X/main.asm
                  _35end_   0x0003ef    program     static /Users/Judy/MPLABXProjects/Interface16.X/main.asm
                  check_9   0x0003f4    program     static /Users/Judy/MPLABXProjects/Interface16.X/main.asm
                 _37loop_   0x000407    program     static /Users/Judy/MPLABXProjects/Interface16.X/main.asm
                  _37end_   0x00040f    program     static /Users/Judy/MPLABXProjects/Interface16.X/main.asm
                 continue   0x000414    program     static /Users/Judy/MPLABXProjects/Interface16.X/main.asm
                     wait   0x000416    program     static /Users/Judy/MPLABXProjects/Interface16.X/main.asm
                 show_RTC   0x00041a    program     static /Users/Judy/MPLABXProjects/Interface16.X/main.asm
                  Refresh   0x00044d    program     static /Users/Judy/MPLABXProjects/Interface16.X/main.asm
                 Motor_On   0x00047f    program     static /Users/Judy/MPLABXProjects/Interface16.X/main.asm
                 _44loop_   0x000481    program     static /Users/Judy/MPLABXProjects/Interface16.X/main.asm
                  _44end_   0x000489    program     static /Users/Judy/MPLABXProjects/Interface16.X/main.asm
                Motor_Off   0x00049a    program     static /Users/Judy/MPLABXProjects/Interface16.X/main.asm
                 _45loop_   0x00049c    program     static /Users/Judy/MPLABXProjects/Interface16.X/main.asm
                  _45end_   0x0004a4    program     static /Users/Judy/MPLABXProjects/Interface16.X/main.asm
                    HalfS   0x0004b1    program     static /Users/Judy/MPLABXProjects/Interface16.X/main.asm
                _0HalfS_0   0x0004b7    program     static /Users/Judy/MPLABXProjects/Interface16.X/main.asm
             _.org_1_04B8   0x0004b8    program     static /Users/Judy/MPLABXProjects/Interface16.X/main.asm
             _.org_1_04BA   0x0004ba    program     static /Users/Judy/MPLABXProjects/Interface16.X/main.asm
             _.org_1_04BD   0x0004bd    program     static /Users/Judy/MPLABXProjects/Interface16.X/main.asm
                 QuarterS   0x0004c1    program     static /Users/Judy/MPLABXProjects/Interface16.X/main.asm
             _0QuarterS_0   0x0004c7    program     static /Users/Judy/MPLABXProjects/Interface16.X/main.asm
             _.org_1_04C8   0x0004c8    program     static /Users/Judy/MPLABXProjects/Interface16.X/main.asm
             _.org_1_04CA   0x0004ca    program     static /Users/Judy/MPLABXProjects/Interface16.X/main.asm
             _.org_1_04CD   0x0004cd    program     static /Users/Judy/MPLABXProjects/Interface16.X/main.asm
                   EightS   0x0004d1    program     static /Users/Judy/MPLABXProjects/Interface16.X/main.asm
               _0EightS_0   0x0004d7    program     static /Users/Judy/MPLABXProjects/Interface16.X/main.asm
             _.org_1_04D8   0x0004d8    program     static /Users/Judy/MPLABXProjects/Interface16.X/main.asm
             _.org_1_04DA   0x0004da    program     static /Users/Judy/MPLABXProjects/Interface16.X/main.asm
             _.org_1_04DD   0x0004dd    program     static /Users/Judy/MPLABXProjects/Interface16.X/main.asm
                   WR_INS   0x0004e1    program     static /Users/Judy/MPLABXProjects/Interface16.X/main.asm
                  WR_DATA   0x0004f0    program     static /Users/Judy/MPLABXProjects/Interface16.X/main.asm
                  Convert   0x000501    program     static /Users/Judy/MPLABXProjects/Interface16.X/main.asm
                  BCDADD3   0x000509    program     static /Users/Judy/MPLABXProjects/Interface16.X/main.asm
                 ADD3HUNS   0x00052f    program     static /Users/Judy/MPLABXProjects/Interface16.X/main.asm
                 ADD3TENS   0x000532    program     static /Users/Judy/MPLABXProjects/Interface16.X/main.asm
                 ADD3ONES   0x000535    program     static /Users/Judy/MPLABXProjects/Interface16.X/main.asm
                CARRYONES   0x000538    program     static /Users/Judy/MPLABXProjects/Interface16.X/main.asm
                CARRYTENS   0x00053b    program     static /Users/Judy/MPLABXProjects/Interface16.X/main.asm
                 Convert1   0x00053e    program     static /Users/Judy/MPLABXProjects/Interface16.X/main.asm
                 BCDADD31   0x000546    program     static /Users/Judy/MPLABXProjects/Interface16.X/main.asm
                ADD3HUNS1   0x00056c    program     static /Users/Judy/MPLABXProjects/Interface16.X/main.asm
                ADD3TENS1   0x00056f    program     static /Users/Judy/MPLABXProjects/Interface16.X/main.asm
                ADD3ONES1   0x000572    program     static /Users/Judy/MPLABXProjects/Interface16.X/main.asm
               CARRYONES1   0x000575    program     static /Users/Judy/MPLABXProjects/Interface16.X/main.asm
               CARRYTENS1   0x000578    program     static /Users/Judy/MPLABXProjects/Interface16.X/main.asm
             lcdLongDelay   0x00057b    program     static /Users/Judy/MPLABXProjects/Interface16.X/main.asm
                 LLD_LOOP   0x00057d    program     static /Users/Judy/MPLABXProjects/Interface16.X/main.asm
             _.org_1_0580   0x000580    program     static /Users/Judy/MPLABXProjects/Interface16.X/main.asm
                      ISR   0x000584    program     static /Users/Judy/MPLABXProjects/Interface16.X/main.asm
                    Timer   0x000587    program     static /Users/Judy/MPLABXProjects/Interface16.X/main.asm
                addsignal   0x00058e    program     static /Users/Judy/MPLABXProjects/Interface16.X/main.asm
                   finish   0x000593    program     static /Users/Judy/MPLABXProjects/Interface16.X/main.asm
                 write_EE   0x000598    program     static /Users/Judy/MPLABXProjects/Interface16.X/main.asm
                write_EES   0x0005b4    program     static /Users/Judy/MPLABXProjects/Interface16.X/main.asm
                  read_EE   0x0005ca    program     static /Users/Judy/MPLABXProjects/Interface16.X/main.asm
                 shift_EE   0x0005de    program     static /Users/Judy/MPLABXProjects/Interface16.X/main.asm
         i2c_common_setup   0x0006af    program     extern /Users/Judy/MPLABXProjects/Interface16.X/i2c_common.asm
              _.code_0010   0x0006bf    program     static /Users/Judy/MPLABXProjects/Interface16.X/i2c_common.asm
                write_rtc   0x0006c1    program     extern /Users/Judy/MPLABXProjects/Interface16.X/i2c_common.asm
              _.code_0016   0x0006c5    program     static /Users/Judy/MPLABXProjects/Interface16.X/i2c_common.asm
              _.code_001E   0x0006cd    program     static /Users/Judy/MPLABXProjects/Interface16.X/i2c_common.asm
              _.code_002E   0x0006dd    program     static /Users/Judy/MPLABXProjects/Interface16.X/i2c_common.asm
              _.code_003E   0x0006ed    program     static /Users/Judy/MPLABXProjects/Interface16.X/i2c_common.asm
                   WR_ERR   0x0006f5    program     static /Users/Judy/MPLABXProjects/Interface16.X/i2c_common.asm
                   WR_END   0x0006f6    program     static /Users/Judy/MPLABXProjects/Interface16.X/i2c_common.asm
              _.code_004B   0x0006fa    program     static /Users/Judy/MPLABXProjects/Interface16.X/i2c_common.asm
                 read_rtc   0x0006fc    program     extern /Users/Judy/MPLABXProjects/Interface16.X/i2c_common.asm
              _.code_0051   0x000700    program     static /Users/Judy/MPLABXProjects/Interface16.X/i2c_common.asm
              _.code_0059   0x000708    program     static /Users/Judy/MPLABXProjects/Interface16.X/i2c_common.asm
              _.code_0069   0x000718    program     static /Users/Judy/MPLABXProjects/Interface16.X/i2c_common.asm
              _.code_0074   0x000723    program     static /Users/Judy/MPLABXProjects/Interface16.X/i2c_common.asm
              _.code_007C   0x00072b    program     static /Users/Judy/MPLABXProjects/Interface16.X/i2c_common.asm
              _.code_0087   0x000736    program     static /Users/Judy/MPLABXProjects/Interface16.X/i2c_common.asm
              _.code_0093   0x000742    program     static /Users/Judy/MPLABXProjects/Interface16.X/i2c_common.asm
                   RD_ERR   0x000744    program     static /Users/Judy/MPLABXProjects/Interface16.X/i2c_common.asm
                   RD_END   0x000745    program     static /Users/Judy/MPLABXProjects/Interface16.X/i2c_common.asm
              _.code_009A   0x000749    program     static /Users/Judy/MPLABXProjects/Interface16.X/i2c_common.asm
              rtc_convert   0x00074b    program     extern /Users/Judy/MPLABXProjects/Interface16.X/i2c_common.asm
                p2p_write   0x000759    program     extern /Users/Judy/MPLABXProjects/Interface16.X/i2c_common.asm
              _.code_00AE   0x00075d    program     static /Users/Judy/MPLABXProjects/Interface16.X/i2c_common.asm
              _.code_00B6   0x000765    program     static /Users/Judy/MPLABXProjects/Interface16.X/i2c_common.asm
              _.code_00C6   0x000775    program     static /Users/Judy/MPLABXProjects/Interface16.X/i2c_common.asm
                    W_END   0x00077d    program     static /Users/Judy/MPLABXProjects/Interface16.X/i2c_common.asm
              _.code_00D2   0x000781    program     static /Users/Judy/MPLABXProjects/Interface16.X/i2c_common.asm
                 p2p_read   0x000783    program     extern /Users/Judy/MPLABXProjects/Interface16.X/i2c_common.asm
              _.code_00D8   0x000787    program     static /Users/Judy/MPLABXProjects/Interface16.X/i2c_common.asm
              _.code_00E0   0x00078f    program     static /Users/Judy/MPLABXProjects/Interface16.X/i2c_common.asm
              _.code_00EB   0x00079a    program     static /Users/Judy/MPLABXProjects/Interface16.X/i2c_common.asm
              _.code_00F7   0x0007a6    program     static /Users/Judy/MPLABXProjects/Interface16.X/i2c_common.asm
                    R_END   0x0007a7    program     static /Users/Judy/MPLABXProjects/Interface16.X/i2c_common.asm
              _.code_00FC   0x0007ab    program     static /Users/Judy/MPLABXProjects/Interface16.X/i2c_common.asm
                  lcd_tmp   0x000070       data     static /Users/Judy/MPLABXProjects/Interface16.X/LCD.asm
                   lcd_d1   0x000071       data     static /Users/Judy/MPLABXProjects/Interface16.X/LCD.asm
                   lcd_d2   0x000072       data     static /Users/Judy/MPLABXProjects/Interface16.X/LCD.asm
                      com   0x000073       data     static /Users/Judy/MPLABXProjects/Interface16.X/LCD.asm
                      dat   0x000074       data     static /Users/Judy/MPLABXProjects/Interface16.X/LCD.asm


